../Core/Src/as5600.c:6:17:AS5600_new	8	static
../Core/Src/as5600.c:7:19:AS5600_init	24	static
../Core/Src/as5600.c:37:19:AS5600_set_start_position	40	static
../Core/Src/as5600.c:43:19:AS5600_set_stop_position	40	static
../Core/Src/as5600.c:49:19:AS5600_set_max_angle	40	static
../Core/Src/as5600.c:55:19:AS5600_set_positive_rotation_direction	16	static
../Core/Src/as5600.c:63:19:AS5600_set_low_power_mode	16	static
../Core/Src/as5600.c:83:19:AS5600_set_hysteresis	16	static
../Core/Src/as5600.c:103:19:AS5600_set_output_mode	24	static
../Core/Src/as5600.c:140:19:AS5600_set_slow_filter	16	static
../Core/Src/as5600.c:160:19:AS5600_set_fast_filter_threshold	16	static
../Core/Src/as5600.c:196:19:AS5600_set_watchdog_timer	16	static
../Core/Src/as5600.c:208:19:AS5600_write_config_register	32	static
../Core/Src/as5600.c:210:19:AS5600_get_rawAngle	40	static
../Core/Src/as5600.c:216:19:AS5600_get_angle	40	static
../Core/Src/as5600.c:222:19:AS5600_get_magnet_status	32	static
../Core/Src/as5600.c:225:19:AS5600_get_AGC_setting	32	static
../Core/Src/as5600.c:228:19:AS5600_get_CORDIC_magnitude	40	static
